Traceback (most recent call last):
  File "/home/runner/work/pagina-web-kernel/pagina-web-kernel/platform/test_phase2b_v3.py", line 133, in <module>
    asyncio.run(main())
  File "/opt/hostedtoolcache/Python/3.12.13/x64/lib/python3.12/asyncio/runners.py", line 195, in run
    return runner.run(main)
           ^^^^^^^^^^^^^^^^
  File "/opt/hostedtoolcache/Python/3.12.13/x64/lib/python3.12/asyncio/runners.py", line 118, in run
    return self._loop.run_until_complete(task)
           ^^^^^^^^^^^^^^^^^^^^^^^^^^^^^^^^^^^
  File "/opt/hostedtoolcache/Python/3.12.13/x64/lib/python3.12/asyncio/base_events.py", line 691, in run_until_complete
    return future.result()
           ^^^^^^^^^^^^^^^
  File "/home/runner/work/pagina-web-kernel/pagina-web-kernel/platform/test_phase2b_v3.py", line 47, in main
    await page.wait_for_selector('[data-route="herramientas"]', timeout=20_000)
  File "/opt/hostedtoolcache/Python/3.12.13/x64/lib/python3.12/site-packages/playwright/async_api/_generated.py", line 8948, in wait_for_selector
    await self._impl_obj.wait_for_selector(
  File "/opt/hostedtoolcache/Python/3.12.13/x64/lib/python3.12/site-packages/playwright/_impl/_page.py", line 427, in wait_for_selector
    return await self._main_frame.wait_for_selector(**locals_to_params(locals()))
           ^^^^^^^^^^^^^^^^^^^^^^^^^^^^^^^^^^^^^^^^^^^^^^^^^^^^^^^^^^^^^^^^^^^^^^
  File "/opt/hostedtoolcache/Python/3.12.13/x64/lib/python3.12/site-packages/playwright/_impl/_frame.py", line 394, in wait_for_selector
    await self._channel.send(
  File "/opt/hostedtoolcache/Python/3.12.13/x64/lib/python3.12/site-packages/playwright/_impl/_connection.py", line 69, in send
    return await self._connection.wrap_api_call(
           ^^^^^^^^^^^^^^^^^^^^^^^^^^^^^^^^^^^^^
  File "/opt/hostedtoolcache/Python/3.12.13/x64/lib/python3.12/site-packages/playwright/_impl/_connection.py", line 563, in wrap_api_call
    raise rewrite_error(error, f"{parsed_st['apiName']}: {error}") from None
playwright._impl._errors.TimeoutError: Page.wait_for_selector: Timeout 20000ms exceeded.
Call log:
  - waiting for locator("[data-route=\"herramientas\"]") to be visible
    44 × locator resolved to hidden <button type="button" data-route="herramientas" class="flex w-full items-center gap-3 rounded-xl px-3 py-2.5 text-left text-sm font-bold text-slate-700 transition-colors hover:bg-[#0f5b5d] hover:text-white focus:outline-none focus-visible:ring-4 focus-visible:ring-emerald-100 2xl:text-base">…</button>

